Archive member included to satisfy reference by file (symbol)

c:/st/stm32cubeide_1.11.0/stm32cubeide/plugins/com.st.stm32cube.ide.mcu.externaltools.gnu-tools-for-stm32.10.3-2021.10.win32_1.0.100.202210260954/tools/bin/../lib/gcc/arm-none-eabi/10.3.1/../../../../arm-none-eabi/lib/thumb/v7-m/nofp\libc_nano.a(lib_a-errno.o)
                              ./Core/Src/syscalls.o (__errno)
c:/st/stm32cubeide_1.11.0/stm32cubeide/plugins/com.st.stm32cube.ide.mcu.externaltools.gnu-tools-for-stm32.10.3-2021.10.win32_1.0.100.202210260954/tools/bin/../lib/gcc/arm-none-eabi/10.3.1/../../../../arm-none-eabi/lib/thumb/v7-m/nofp\libc_nano.a(lib_a-exit.o)
                              c:/st/stm32cubeide_1.11.0/stm32cubeide/plugins/com.st.stm32cube.ide.mcu.externaltools.gnu-tools-for-stm32.10.3-2021.10.win32_1.0.100.202210260954/tools/bin/../lib/gcc/arm-none-eabi/10.3.1/../../../../arm-none-eabi/lib/thumb/v7-m/nofp/crt0.o (exit)
c:/st/stm32cubeide_1.11.0/stm32cubeide/plugins/com.st.stm32cube.ide.mcu.externaltools.gnu-tools-for-stm32.10.3-2021.10.win32_1.0.100.202210260954/tools/bin/../lib/gcc/arm-none-eabi/10.3.1/../../../../arm-none-eabi/lib/thumb/v7-m/nofp\libc_nano.a(lib_a-impure.o)
                              c:/st/stm32cubeide_1.11.0/stm32cubeide/plugins/com.st.stm32cube.ide.mcu.externaltools.gnu-tools-for-stm32.10.3-2021.10.win32_1.0.100.202210260954/tools/bin/../lib/gcc/arm-none-eabi/10.3.1/../../../../arm-none-eabi/lib/thumb/v7-m/nofp\libc_nano.a(lib_a-exit.o) (_global_impure_ptr)
c:/st/stm32cubeide_1.11.0/stm32cubeide/plugins/com.st.stm32cube.ide.mcu.externaltools.gnu-tools-for-stm32.10.3-2021.10.win32_1.0.100.202210260954/tools/bin/../lib/gcc/arm-none-eabi/10.3.1/../../../../arm-none-eabi/lib/thumb/v7-m/nofp\libc_nano.a(lib_a-init.o)
                              c:/st/stm32cubeide_1.11.0/stm32cubeide/plugins/com.st.stm32cube.ide.mcu.externaltools.gnu-tools-for-stm32.10.3-2021.10.win32_1.0.100.202210260954/tools/bin/../lib/gcc/arm-none-eabi/10.3.1/../../../../arm-none-eabi/lib/thumb/v7-m/nofp/crt0.o (__libc_init_array)
c:/st/stm32cubeide_1.11.0/stm32cubeide/plugins/com.st.stm32cube.ide.mcu.externaltools.gnu-tools-for-stm32.10.3-2021.10.win32_1.0.100.202210260954/tools/bin/../lib/gcc/arm-none-eabi/10.3.1/../../../../arm-none-eabi/lib/thumb/v7-m/nofp\libc_nano.a(lib_a-memset.o)
                              c:/st/stm32cubeide_1.11.0/stm32cubeide/plugins/com.st.stm32cube.ide.mcu.externaltools.gnu-tools-for-stm32.10.3-2021.10.win32_1.0.100.202210260954/tools/bin/../lib/gcc/arm-none-eabi/10.3.1/../../../../arm-none-eabi/lib/thumb/v7-m/nofp/crt0.o (memset)
c:/st/stm32cubeide_1.11.0/stm32cubeide/plugins/com.st.stm32cube.ide.mcu.externaltools.gnu-tools-for-stm32.10.3-2021.10.win32_1.0.100.202210260954/tools/bin/../lib/gcc/arm-none-eabi/10.3.1/thumb/v7-m/nofp\libgcc.a(_arm_muldf3.o)
                              ./LIB/Src/SHT31.o (__aeabi_dmul)
c:/st/stm32cubeide_1.11.0/stm32cubeide/plugins/com.st.stm32cube.ide.mcu.externaltools.gnu-tools-for-stm32.10.3-2021.10.win32_1.0.100.202210260954/tools/bin/../lib/gcc/arm-none-eabi/10.3.1/thumb/v7-m/nofp\libgcc.a(_arm_addsubdf3.o)
                              ./LIB/Src/SHT31.o (__aeabi_dsub)
c:/st/stm32cubeide_1.11.0/stm32cubeide/plugins/com.st.stm32cube.ide.mcu.externaltools.gnu-tools-for-stm32.10.3-2021.10.win32_1.0.100.202210260954/tools/bin/../lib/gcc/arm-none-eabi/10.3.1/thumb/v7-m/nofp\libgcc.a(_arm_muldivdf3.o)
                              ./LIB/Src/SHT31.o (__aeabi_ddiv)
c:/st/stm32cubeide_1.11.0/stm32cubeide/plugins/com.st.stm32cube.ide.mcu.externaltools.gnu-tools-for-stm32.10.3-2021.10.win32_1.0.100.202210260954/tools/bin/../lib/gcc/arm-none-eabi/10.3.1/thumb/v7-m/nofp\libgcc.a(_arm_truncdfsf2.o)
                              ./LIB/Src/SHT31.o (__aeabi_d2f)
c:/st/stm32cubeide_1.11.0/stm32cubeide/plugins/com.st.stm32cube.ide.mcu.externaltools.gnu-tools-for-stm32.10.3-2021.10.win32_1.0.100.202210260954/tools/bin/../lib/gcc/arm-none-eabi/10.3.1/thumb/v7-m/nofp\libgcc.a(_arm_addsubsf3.o)
                              ./Core/Src/main.o (__aeabi_ui2f)

Discarded input sections

 .text          0x0000000000000000        0x0 c:/st/stm32cubeide_1.11.0/stm32cubeide/plugins/com.st.stm32cube.ide.mcu.externaltools.gnu-tools-for-stm32.10.3-2021.10.win32_1.0.100.202210260954/tools/bin/../lib/gcc/arm-none-eabi/10.3.1/thumb/v7-m/nofp/crti.o
 .data          0x0000000000000000        0x0 c:/st/stm32cubeide_1.11.0/stm32cubeide/plugins/com.st.stm32cube.ide.mcu.externaltools.gnu-tools-for-stm32.10.3-2021.10.win32_1.0.100.202210260954/tools/bin/../lib/gcc/arm-none-eabi/10.3.1/thumb/v7-m/nofp/crti.o
 .bss           0x0000000000000000        0x0 c:/st/stm32cubeide_1.11.0/stm32cubeide/plugins/com.st.stm32cube.ide.mcu.externaltools.gnu-tools-for-stm32.10.3-2021.10.win32_1.0.100.202210260954/tools/bin/../lib/gcc/arm-none-eabi/10.3.1/thumb/v7-m/nofp/crti.o
[...]
Memory Configuration

Name             Origin             Length             Attributes
RAM              0x0000000020000000 0x0000000000005000 xrw
FLASH            0x0000000008000000 0x0000000000010000 xr
*default*        0x0000000000000000 0xffffffffffffffff

Linker script and memory map

LOAD c:/st/stm32cubeide_1.11.0/stm32cubeide/plugins/com.st.stm32cube.ide.mcu.externaltools.gnu-tools-for-stm32.10.3-2021.10.win32_1.0.100.202210260954/tools/bin/../lib/gcc/arm-none-eabi/10.3.1/thumb/v7-m/nofp/crti.o
LOAD c:/st/stm32cubeide_1.11.0/stm32cubeide/plugins/com.st.stm32cube.ide.mcu.externaltools.gnu-tools-for-stm32.10.3-2021.10.win32_1.0.100.202210260954/tools/bin/../lib/gcc/arm-none-eabi/10.3.1/thumb/v7-m/nofp/crtbegin.o
LOAD c:/st/stm32cubeide_1.11.0/stm32cubeide/plugins/com.st.stm32cube.ide.mcu.externaltools.gnu-tools-for-stm32.10.3-2021.10.win32_1.0.100.202210260954/tools/bin/../lib/gcc/arm-none-eabi/10.3.1/../../../../arm-none-eabi/lib/thumb/v7-m/nofp/crt0.o
LOAD ./Core/Src/main.o
LOAD ./Core/Src/stm32f1xx_hal_msp.o
LOAD ./Core/Src/stm32f1xx_it.o
LOAD ./Core/Src/syscalls.o
LOAD ./Core/Src/sysmem.o
LOAD ./Core/Src/system_stm32f1xx.o
LOAD ./Core/Startup/startup_stm32f103c8tx.o
LOAD ./Drivers/STM32F1xx_HAL_Driver/Src/stm32f1xx_hal.o
LOAD ./Drivers/STM32F1xx_HAL_Driver/Src/stm32f1xx_hal_cortex.o
LOAD ./Drivers/STM32F1xx_HAL_Driver/Src/stm32f1xx_hal_dma.o
LOAD ./Drivers/STM32F1xx_HAL_Driver/Src/stm32f1xx_hal_exti.o
LOAD ./Drivers/STM32F1xx_HAL_Driver/Src/stm32f1xx_hal_flash.o
LOAD ./Drivers/STM32F1xx_HAL_Driver/Src/stm32f1xx_hal_flash_ex.o
LOAD ./Drivers/STM32F1xx_HAL_Driver/Src/stm32f1xx_hal_gpio.o
LOAD ./Drivers/STM32F1xx_HAL_Driver/Src/stm32f1xx_hal_gpio_ex.o
LOAD ./Drivers/STM32F1xx_HAL_Driver/Src/stm32f1xx_hal_i2c.o
LOAD ./Drivers/STM32F1xx_HAL_Driver/Src/stm32f1xx_hal_pwr.o
LOAD ./Drivers/STM32F1xx_HAL_Driver/Src/stm32f1xx_hal_rcc.o
LOAD ./Drivers/STM32F1xx_HAL_Driver/Src/stm32f1xx_hal_rcc_ex.o
LOAD ./Drivers/STM32F1xx_HAL_Driver/Src/stm32f1xx_hal_tim.o
LOAD ./Drivers/STM32F1xx_HAL_Driver/Src/stm32f1xx_hal_tim_ex.o
LOAD ./Drivers/STM32F1xx_HAL_Driver/Src/stm32f1xx_hal_uart.o
LOAD ./LIB/Src/74HC595.o
LOAD ./LIB/Src/Flag.o
LOAD ./LIB/Src/LCD.o
LOAD ./LIB/Src/PMS7003.o
LOAD ./LIB/Src/SHT31.o
START GROUP
LOAD c:/st/stm32cubeide_1.11.0/stm32cubeide/plugins/com.st.stm32cube.ide.mcu.externaltools.gnu-tools-for-stm32.10.3-2021.10.win32_1.0.100.202210260954/tools/bin/../lib/gcc/arm-none-eabi/10.3.1/../../../../arm-none-eabi/lib/thumb/v7-m/nofp\libc_nano.a
LOAD c:/st/stm32cubeide_1.11.0/stm32cubeide/plugins/com.st.stm32cube.ide.mcu.externaltools.gnu-tools-for-stm32.10.3-2021.10.win32_1.0.100.202210260954/tools/bin/../lib/gcc/arm-none-eabi/10.3.1/../../../../arm-none-eabi/lib/thumb/v7-m/nofp\libm.a
END GROUP
START GROUP
LOAD c:/st/stm32cubeide_1.11.0/stm32cubeide/plugins/com.st.stm32cube.ide.mcu.externaltools.gnu-tools-for-stm32.10.3-2021.10.win32_1.0.100.202210260954/tools/bin/../lib/gcc/arm-none-eabi/10.3.1/thumb/v7-m/nofp\libgcc.a
LOAD c:/st/stm32cubeide_1.11.0/stm32cubeide/plugins/com.st.stm32cube.ide.mcu.externaltools.gnu-tools-for-stm32.10.3-2021.10.win32_1.0.100.202210260954/tools/bin/../lib/gcc/arm-none-eabi/10.3.1/../../../../arm-none-eabi/lib/thumb/v7-m/nofp\libc_nano.a
END GROUP
START GROUP
LOAD c:/st/stm32cubeide_1.11.0/stm32cubeide/plugins/com.st.stm32cube.ide.mcu.externaltools.gnu-tools-for-stm32.10.3-2021.10.win32_1.0.100.202210260954/tools/bin/../lib/gcc/arm-none-eabi/10.3.1/thumb/v7-m/nofp\libgcc.a
LOAD c:/st/stm32cubeide_1.11.0/stm32cubeide/plugins/com.st.stm32cube.ide.mcu.externaltools.gnu-tools-for-stm32.10.3-2021.10.win32_1.0.100.202210260954/tools/bin/../lib/gcc/arm-none-eabi/10.3.1/../../../../arm-none-eabi/lib/thumb/v7-m/nofp\libc_nano.a
LOAD c:/st/stm32cubeide_1.11.0/stm32cubeide/plugins/com.st.stm32cube.ide.mcu.externaltools.gnu-tools-for-stm32.10.3-2021.10.win32_1.0.100.202210260954/tools/bin/../lib/gcc/arm-none-eabi/10.3.1/../../../../arm-none-eabi/lib/thumb/v7-m/nofp\libnosys.a
END GROUP
START GROUP
LOAD c:/st/stm32cubeide_1.11.0/stm32cubeide/plugins/com.st.stm32cube.ide.mcu.externaltools.gnu-tools-for-stm32.10.3-2021.10.win32_1.0.100.202210260954/tools/bin/../lib/gcc/arm-none-eabi/10.3.1/thumb/v7-m/nofp\libgcc.a
LOAD c:/st/stm32cubeide_1.11.0/stm32cubeide/plugins/com.st.stm32cube.ide.mcu.externaltools.gnu-tools-for-stm32.10.3-2021.10.win32_1.0.100.202210260954/tools/bin/../lib/gcc/arm-none-eabi/10.3.1/../../../../arm-none-eabi/lib/thumb/v7-m/nofp\libc_nano.a
LOAD c:/st/stm32cubeide_1.11.0/stm32cubeide/plugins/com.st.stm32cube.ide.mcu.externaltools.gnu-tools-for-stm32.10.3-2021.10.win32_1.0.100.202210260954/tools/bin/../lib/gcc/arm-none-eabi/10.3.1/../../../../arm-none-eabi/lib/thumb/v7-m/nofp\libnosys.a
END GROUP
LOAD c:/st/stm32cubeide_1.11.0/stm32cubeide/plugins/com.st.stm32cube.ide.mcu.externaltools.gnu-tools-for-stm32.10.3-2021.10.win32_1.0.100.202210260954/tools/bin/../lib/gcc/arm-none-eabi/10.3.1/thumb/v7-m/nofp/crtend.o
LOAD c:/st/stm32cubeide_1.11.0/stm32cubeide/plugins/com.st.stm32cube.ide.mcu.externaltools.gnu-tools-for-stm32.10.3-2021.10.win32_1.0.100.202210260954/tools/bin/../lib/gcc/arm-none-eabi/10.3.1/thumb/v7-m/nofp/crtn.o
                0x0000000020005000                _estack = (ORIGIN (RAM) + LENGTH (RAM))
                0x0000000000000200                _Min_Heap_Size = 0x200
                0x0000000000000400                _Min_Stack_Size = 0x400

.isr_vector     0x0000000008000000      0x10c
                0x0000000008000000                . = ALIGN (0x4)
 *(.isr_vector)
 .isr_vector    0x0000000008000000      0x10c ./Core/Startup/startup_stm32f103c8tx.o
                0x0000000008000000                g_pfnVectors
                0x000000000800010c                . = ALIGN (0x4)

.text           0x0000000008000110     0x5728
                0x0000000008000110                . = ALIGN (0x4)
 *(.text)
 .text          0x0000000008000110       0x40 c:/st/stm32cubeide_1.11.0/stm32cubeide/plugins/com.st.stm32cube.ide.mcu.externaltools.gnu-tools-for-stm32.10.3-2021.10.win32_1.0.100.202210260954/tools/bin/../lib/gcc/arm-none-eabi/10.3.1/thumb/v7-m/nofp/crtbegin.o
 .text          0x0000000008000150      0x378 c:/st/stm32cubeide_1.11.0/stm32cubeide/plugins/com.st.stm32cube.ide.mcu.externaltools.gnu-tools-for-stm32.10.3-2021.10.win32_1.0.100.202210260954/tools/bin/../lib/gcc/arm-none-eabi/10.3.1/thumb/v7-m/nofp\libgcc.a(_arm_addsubdf3.o)
                0x0000000008000150                __aeabi_drsub
                0x0000000008000158                __aeabi_dsub
                0x0000000008000158                __subdf3
                0x000000000800015c                __aeabi_dadd
                0x000000000800015c                __adddf3
                0x00000000080003d4                __floatunsidf
                0x00000000080003d4                __aeabi_ui2d
                0x00000000080003f4                __floatsidf
                0x00000000080003f4                __aeabi_i2d
                0x0000000008000418                __aeabi_f2d
                0x0000000008000418                __extendsfdf2
                0x000000000800045c                __floatundidf
                0x000000000800045c                __aeabi_ul2d
                0x000000000800046c                __floatdidf
                0x000000000800046c                __aeabi_l2d
 .text          0x00000000080004c8      0x424 c:/st/stm32cubeide_1.11.0/stm32cubeide/plugins/com.st.stm32cube.ide.mcu.externaltools.gnu-tools-for-stm32.10.3-2021.10.win32_1.0.100.202210260954/tools/bin/../lib/gcc/arm-none-eabi/10.3.1/thumb/v7-m/nofp\libgcc.a(_arm_muldivdf3.o)
                0x00000000080004c8                __aeabi_dmul
                0x00000000080004c8                __muldf3
                0x000000000800071c                __divdf3
                0x000000000800071c                __aeabi_ddiv
 .text          0x00000000080008ec       0xa0 c:/st/stm32cubeide_1.11.0/stm32cubeide/plugins/com.st.stm32cube.ide.mcu.externaltools.gnu-tools-for-stm32.10.3-2021.10.win32_1.0.100.202210260954/tools/bin/../lib/gcc/arm-none-eabi/10.3.1/thumb/v7-m/nofp\libgcc.a(_arm_truncdfsf2.o)
                0x00000000080008ec                __truncdfsf2
                0x00000000080008ec                __aeabi_d2f
 .text          0x000000000800098c      0x21c c:/st/stm32cubeide_1.11.0/stm32cubeide/plugins/com.st.stm32cube.ide.mcu.externaltools.gnu-tools-for-stm32.10.3-2021.10.win32_1.0.100.202210260954/tools/bin/../lib/gcc/arm-none-eabi/10.3.1/thumb/v7-m/nofp\libgcc.a(_arm_addsubsf3.o)
                0x000000000800098c                __aeabi_frsub
                0x0000000008000994                __subsf3
                0x0000000008000994                __aeabi_fsub
                0x0000000008000998                __aeabi_fadd
                0x0000000008000998                __addsf3
                0x0000000008000af8                __aeabi_ui2f
                0x0000000008000af8                __floatunsisf
                0x0000000008000b00                __aeabi_i2f
                0x0000000008000b00                __floatsisf
                0x0000000008000b1c                __aeabi_ul2f
                0x0000000008000b1c                __floatundisf
                0x0000000008000b2c                __aeabi_l2f
                0x0000000008000b2c                __floatdisf
 *(.text*)
 .text.HAL_UART_RxCpltCallback
                0x0000000008000ba8       0x34 ./Core/Src/main.o
                0x0000000008000ba8                HAL_UART_RxCpltCallback
 .text.HAL_TIM_PeriodElapsedCallback
                0x0000000008000bdc       0x3c ./Core/Src/main.o
                0x0000000008000bdc                HAL_TIM_PeriodElapsedCallback
 .text.main     0x0000000008000c18       0x60 ./Core/Src/main.o
                0x0000000008000c18                main
 .text.SystemClock_Config
                0x0000000008000c78       0x8a ./Core/Src/main.o
                0x0000000008000c78                SystemClock_Config
 *fill*         0x0000000008000d02        0x2 
 .text.MX_I2C1_Init
                0x0000000008000d04       0x5c ./Core/Src/main.o
 .text.MX_TIM2_Init
                0x0000000008000d60       0x9c ./Core/Src/main.o
 .text.MX_USART1_UART_Init
                0x0000000008000dfc       0x54 ./Core/Src/main.o
 .text.MX_USART2_UART_Init
                0x0000000008000e50       0x54 ./Core/Src/main.o
 .text.MX_GPIO_Init
                0x0000000008000ea4       0xb4 ./Core/Src/main.o
 .text.Flags_handle
                0x0000000008000f58       0xec ./Core/Src/main.o
                0x0000000008000f58                Flags_handle
 .text.turn_on_int
                0x0000000008001044       0x14 ./Core/Src/main.o
                0x0000000008001044                turn_on_int
 .text.hc595_SetUp
                0x0000000008001058       0x4c ./Core/Src/main.o
                0x0000000008001058                hc595_SetUp
 .text.PMS7003_SetUp
                0x00000000080010a4       0x58 ./Core/Src/main.o
                0x00000000080010a4                PMS7003_SetUp
 .text.LCD_SetUp
                0x00000000080010fc       0x5c ./Core/Src/main.o
                0x00000000080010fc                LCD_SetUp
 .text.Error_Handler
                0x0000000008001158        0xa ./Core/Src/main.o
                0x0000000008001158                Error_Handler
 *fill*         0x0000000008001162        0x2 
 .text.HAL_MspInit
                0x0000000008001164       0x64 ./Core/Src/stm32f1xx_hal_msp.o
                0x0000000008001164                HAL_MspInit
 .text.HAL_I2C_MspInit
                0x00000000080011c8       0x7c ./Core/Src/stm32f1xx_hal_msp.o
                0x00000000080011c8                HAL_I2C_MspInit
 .text.HAL_TIM_Base_MspInit
                0x0000000008001244       0x48 ./Core/Src/stm32f1xx_hal_msp.o
                0x0000000008001244                HAL_TIM_Base_MspInit
 .text.HAL_UART_MspInit
                0x000000000800128c      0x128 ./Core/Src/stm32f1xx_hal_msp.o
                0x000000000800128c                HAL_UART_MspInit
 .text.NMI_Handler
                0x00000000080013b4        0x6 ./Core/Src/stm32f1xx_it.o
                0x00000000080013b4                NMI_Handler
 .text.HardFault_Handler
                0x00000000080013ba        0x6 ./Core/Src/stm32f1xx_it.o
                0x00000000080013ba                HardFault_Handler
 .text.MemManage_Handler
                0x00000000080013c0        0x6 ./Core/Src/stm32f1xx_it.o
                0x00000000080013c0                MemManage_Handler
 .text.BusFault_Handler
                0x00000000080013c6        0x6 ./Core/Src/stm32f1xx_it.o
                0x00000000080013c6                BusFault_Handler
 .text.UsageFault_Handler
                0x00000000080013cc        0x6 ./Core/Src/stm32f1xx_it.o
                0x00000000080013cc                UsageFault_Handler
 .text.SVC_Handler
                0x00000000080013d2        0xc ./Core/Src/stm32f1xx_it.o
                0x00000000080013d2                SVC_Handler
 .text.DebugMon_Handler
                0x00000000080013de        0xc ./Core/Src/stm32f1xx_it.o
                0x00000000080013de                DebugMon_Handler
 .text.PendSV_Handler
                0x00000000080013ea        0xc ./Core/Src/stm32f1xx_it.o
                0x00000000080013ea                PendSV_Handler
 .text.SysTick_Handler
                0x00000000080013f6        0xc ./Core/Src/stm32f1xx_it.o
                0x00000000080013f6                SysTick_Handler
 *fill*         0x0000000008001402        0x2 
 .text.TIM2_IRQHandler
                0x0000000008001404       0x14 ./Core/Src/stm32f1xx_it.o
                0x0000000008001404                TIM2_IRQHandler
 .text.USART1_IRQHandler
                0x0000000008001418       0x14 ./Core/Src/stm32f1xx_it.o
                0x0000000008001418                USART1_IRQHandler
 .text.USART2_IRQHandler
                0x000000000800142c       0x14 ./Core/Src/stm32f1xx_it.o
                0x000000000800142c                USART2_IRQHandler
 .text.SystemInit
                0x0000000008001440        0xc ./Core/Src/system_stm32f1xx.o
                0x0000000008001440                SystemInit
 .text.Reset_Handler
                0x000000000800144c       0x48 ./Core/Startup/startup_stm32f103c8tx.o
                0x000000000800144c                Reset_Handler
 .text.Default_Handler
                0x0000000008001494        0x2 ./Core/Startup/startup_stm32f103c8tx.o
                0x0000000008001494                RTC_Alarm_IRQHandler
                0x0000000008001494                EXTI2_IRQHandler
                0x0000000008001494                TIM1_CC_IRQHandler
                0x0000000008001494                PVD_IRQHandler
                0x0000000008001494                EXTI3_IRQHandler
                0x0000000008001494                EXTI0_IRQHandler
                0x0000000008001494                I2C2_EV_IRQHandler
                0x0000000008001494                ADC1_2_IRQHandler
                0x0000000008001494                SPI1_IRQHandler
                0x0000000008001494                TAMPER_IRQHandler
                0x0000000008001494                DMA1_Channel4_IRQHandler
                0x0000000008001494                USART3_IRQHandler
                0x0000000008001494                RTC_IRQHandler
                0x0000000008001494                DMA1_Channel7_IRQHandler
                0x0000000008001494                CAN1_RX1_IRQHandler
                0x0000000008001494                TIM4_IRQHandler
                0x0000000008001494                I2C1_EV_IRQHandler
                0x0000000008001494                DMA1_Channel6_IRQHandler
                0x0000000008001494                TIM3_IRQHandler
                0x0000000008001494                RCC_IRQHandler
                0x0000000008001494                TIM1_TRG_COM_IRQHandler
                0x0000000008001494                DMA1_Channel1_IRQHandler
                0x0000000008001494                Default_Handler
                0x0000000008001494                EXTI15_10_IRQHandler
                0x0000000008001494                EXTI9_5_IRQHandler
                0x0000000008001494                SPI2_IRQHandler
                0x0000000008001494                DMA1_Channel5_IRQHandler
                0x0000000008001494                EXTI4_IRQHandler
                0x0000000008001494                USB_LP_CAN1_RX0_IRQHandler
                0x0000000008001494                USB_HP_CAN1_TX_IRQHandler
                0x0000000008001494                DMA1_Channel3_IRQHandler
                0x0000000008001494                TIM1_UP_IRQHandler
                0x0000000008001494                WWDG_IRQHandler
                0x0000000008001494                TIM1_BRK_IRQHandler
                0x0000000008001494                EXTI1_IRQHandler
                0x0000000008001494                I2C2_ER_IRQHandler
                0x0000000008001494                DMA1_Channel2_IRQHandler
                0x0000000008001494                CAN1_SCE_IRQHandler
                0x0000000008001494                FLASH_IRQHandler
                0x0000000008001494                I2C1_ER_IRQHandler
                0x0000000008001494                USBWakeUp_IRQHandler
 *fill*         0x0000000008001496        0x2 
 .text.HAL_Init
                0x0000000008001498       0x2c ./Drivers/STM32F1xx_HAL_Driver/Src/stm32f1xx_hal.o
                0x0000000008001498                HAL_Init
 .text.HAL_InitTick
                0x00000000080014c4       0x60 ./Drivers/STM32F1xx_HAL_Driver/Src/stm32f1xx_hal.o
                0x00000000080014c4                HAL_InitTick
 .text.HAL_IncTick
                0x0000000008001524       0x24 ./Drivers/STM32F1xx_HAL_Driver/Src/stm32f1xx_hal.o
                0x0000000008001524                HAL_IncTick
 .text.HAL_GetTick
                0x0000000008001548       0x14 ./Drivers/STM32F1xx_HAL_Driver/Src/stm32f1xx_hal.o
                0x0000000008001548                HAL_GetTick
 .text.HAL_Delay
                0x000000000800155c       0x48 ./Drivers/STM32F1xx_HAL_Driver/Src/stm32f1xx_hal.o
                0x000000000800155c                HAL_Delay
 .text.__NVIC_SetPriorityGrouping
                0x00000000080015a4       0x48 ./Drivers/STM32F1xx_HAL_Driver/Src/stm32f1xx_hal_cortex.o
 .text.__NVIC_GetPriorityGrouping
                0x00000000080015ec       0x1c ./Drivers/STM32F1xx_HAL_Driver/Src/stm32f1xx_hal_cortex.o
 .text.__NVIC_EnableIRQ
                0x0000000008001608       0x38 ./Drivers/STM32F1xx_HAL_Driver/Src/stm32f1xx_hal_cortex.o
 .text.__NVIC_SetPriority
                0x0000000008001640       0x54 ./Drivers/STM32F1xx_HAL_Driver/Src/stm32f1xx_hal_cortex.o
 .text.NVIC_EncodePriority
                0x0000000008001694       0x64 ./Drivers/STM32F1xx_HAL_Driver/Src/stm32f1xx_hal_cortex.o
 .text.SysTick_Config
                0x00000000080016f8       0x44 ./Drivers/STM32F1xx_HAL_Driver/Src/stm32f1xx_hal_cortex.o
 .text.HAL_NVIC_SetPriorityGrouping
                0x000000000800173c       0x16 ./Drivers/STM32F1xx_HAL_Driver/Src/stm32f1xx_hal_cortex.o
                0x000000000800173c                HAL_NVIC_SetPriorityGrouping
 .text.HAL_NVIC_SetPriority
                0x0000000008001752       0x38 ./Drivers/STM32F1xx_HAL_Driver/Src/stm32f1xx_hal_cortex.o
                0x0000000008001752                HAL_NVIC_SetPriority
 .text.HAL_NVIC_EnableIRQ
                0x000000000800178a       0x1c ./Drivers/STM32F1xx_HAL_Driver/Src/stm32f1xx_hal_cortex.o
                0x000000000800178a                HAL_NVIC_EnableIRQ
 .text.HAL_SYSTICK_Config
                0x00000000080017a6       0x18 ./Drivers/STM32F1xx_HAL_Driver/Src/stm32f1xx_hal_cortex.o
                0x00000000080017a6                HAL_SYSTICK_Config
 .text.HAL_DMA_Abort
                0x00000000080017be       0x76 ./Drivers/STM32F1xx_HAL_Driver/Src/stm32f1xx_hal_dma.o
                0x00000000080017be                HAL_DMA_Abort
 .text.HAL_DMA_Abort_IT
                0x0000000008001834       0xf0 ./Drivers/STM32F1xx_HAL_Driver/Src/stm32f1xx_hal_dma.o
                0x0000000008001834                HAL_DMA_Abort_IT
 .text.HAL_GPIO_Init
                0x0000000008001924      0x308 ./Drivers/STM32F1xx_HAL_Driver/Src/stm32f1xx_hal_gpio.o
                0x0000000008001924                HAL_GPIO_Init
 .text.HAL_GPIO_WritePin
                0x0000000008001c2c       0x30 ./Drivers/STM32F1xx_HAL_Driver/Src/stm32f1xx_hal_gpio.o
                0x0000000008001c2c                HAL_GPIO_WritePin
 .text.HAL_I2C_Init
                0x0000000008001c5c      0x288 ./Drivers/STM32F1xx_HAL_Driver/Src/stm32f1xx_hal_i2c.o
                0x0000000008001c5c                HAL_I2C_Init
 .text.HAL_I2C_Master_Transmit
                0x0000000008001ee4      0x1fc ./Drivers/STM32F1xx_HAL_Driver/Src/stm32f1xx_hal_i2c.o
                0x0000000008001ee4                HAL_I2C_Master_Transmit
 .text.HAL_I2C_Master_Receive
                0x00000000080020e0      0x4d8 ./Drivers/STM32F1xx_HAL_Driver/Src/stm32f1xx_hal_i2c.o
                0x00000000080020e0                HAL_I2C_Master_Receive
 .text.I2C_MasterRequestWrite
                0x00000000080025b8      0x104 ./Drivers/STM32F1xx_HAL_Driver/Src/stm32f1xx_hal_i2c.o
 .text.I2C_MasterRequestRead
                0x00000000080026bc      0x19c ./Drivers/STM32F1xx_HAL_Driver/Src/stm32f1xx_hal_i2c.o
 .text.I2C_WaitOnFlagUntilTimeout
                0x0000000008002858       0xf4 ./Drivers/STM32F1xx_HAL_Driver/Src/stm32f1xx_hal_i2c.o
 .text.I2C_WaitOnMasterAddressFlagUntilTimeout
                0x000000000800294c      0x140 ./Drivers/STM32F1xx_HAL_Driver/Src/stm32f1xx_hal_i2c.o
 .text.I2C_WaitOnTXEFlagUntilTimeout
                0x0000000008002a8c       0x90 ./Drivers/STM32F1xx_HAL_Driver/Src/stm32f1xx_hal_i2c.o
 .text.I2C_WaitOnBTFFlagUntilTimeout
                0x0000000008002b1c       0x90 ./Drivers/STM32F1xx_HAL_Driver/Src/stm32f1xx_hal_i2c.o
 .text.I2C_WaitOnRXNEFlagUntilTimeout
                0x0000000008002bac       0xba ./Drivers/STM32F1xx_HAL_Driver/Src/stm32f1xx_hal_i2c.o
 .text.I2C_IsAcknowledgeFailed
                0x0000000008002c66       0x5c ./Drivers/STM32F1xx_HAL_Driver/Src/stm32f1xx_hal_i2c.o
 *fill*         0x0000000008002cc2        0x2 
 .text.HAL_RCC_OscConfig
                0x0000000008002cc4      0x504 ./Drivers/STM32F1xx_HAL_Driver/Src/stm32f1xx_hal_rcc.o
                0x0000000008002cc4                HAL_RCC_OscConfig
 .text.HAL_RCC_ClockConfig
                0x00000000080031c8      0x1d4 ./Drivers/STM32F1xx_HAL_Driver/Src/stm32f1xx_hal_rcc.o
                0x00000000080031c8                HAL_RCC_ClockConfig
 .text.HAL_RCC_GetSysClockFreq
                0x000000000800339c       0xa8 ./Drivers/STM32F1xx_HAL_Driver/Src/stm32f1xx_hal_rcc.o
                0x000000000800339c                HAL_RCC_GetSysClockFreq
 .text.HAL_RCC_GetHCLKFreq
                0x0000000008003444       0x14 ./Drivers/STM32F1xx_HAL_Driver/Src/stm32f1xx_hal_rcc.o
                0x0000000008003444                HAL_RCC_GetHCLKFreq
 .text.HAL_RCC_GetPCLK1Freq
                0x0000000008003458       0x28 ./Drivers/STM32F1xx_HAL_Driver/Src/stm32f1xx_hal_rcc.o
                0x0000000008003458                HAL_RCC_GetPCLK1Freq
 .text.HAL_RCC_GetPCLK2Freq
                0x0000000008003480       0x28 ./Drivers/STM32F1xx_HAL_Driver/Src/stm32f1xx_hal_rcc.o
                0x0000000008003480                HAL_RCC_GetPCLK2Freq
 .text.RCC_Delay
                0x00000000080034a8       0x3c ./Drivers/STM32F1xx_HAL_Driver/Src/stm32f1xx_hal_rcc.o
 .text.HAL_TIM_Base_Init
                0x00000000080034e4       0x9e ./Drivers/STM32F1xx_HAL_Driver/Src/stm32f1xx_hal_tim.o
                0x00000000080034e4                HAL_TIM_Base_Init
 *fill*         0x0000000008003582        0x2 
 .text.HAL_TIM_Base_Start_IT
                0x0000000008003584       0xa4 ./Drivers/STM32F1xx_HAL_Driver/Src/stm32f1xx_hal_tim.o
                0x0000000008003584                HAL_TIM_Base_Start_IT
 .text.HAL_TIM_IRQHandler
                0x0000000008003628      0x210 ./Drivers/STM32F1xx_HAL_Driver/Src/stm32f1xx_hal_tim.o
                0x0000000008003628                HAL_TIM_IRQHandler
 .text.HAL_TIM_ConfigClockSource
                0x0000000008003838      0x18e ./Drivers/STM32F1xx_HAL_Driver/Src/stm32f1xx_hal_tim.o
                0x0000000008003838                HAL_TIM_ConfigClockSource
 .text.HAL_TIM_OC_DelayElapsedCallback
                0x00000000080039c6       0x12 ./Drivers/STM32F1xx_HAL_Driver/Src/stm32f1xx_hal_tim.o
                0x00000000080039c6                HAL_TIM_OC_DelayElapsedCallback
 .text.HAL_TIM_IC_CaptureCallback
                0x00000000080039d8       0x12 ./Drivers/STM32F1xx_HAL_Driver/Src/stm32f1xx_hal_tim.o
                0x00000000080039d8                HAL_TIM_IC_CaptureCallback
 .text.HAL_TIM_PWM_PulseFinishedCallback
                0x00000000080039ea       0x12 ./Drivers/STM32F1xx_HAL_Driver/Src/stm32f1xx_hal_tim.o
                0x00000000080039ea                HAL_TIM_PWM_PulseFinishedCallback
 .text.HAL_TIM_TriggerCallback
                0x00000000080039fc       0x12 ./Drivers/STM32F1xx_HAL_Driver/Src/stm32f1xx_hal_tim.o
                0x00000000080039fc                HAL_TIM_TriggerCallback
 *fill*         0x0000000008003a0e        0x2 
 .text.TIM_Base_SetConfig
                0x0000000008003a10       0xc4 ./Drivers/STM32F1xx_HAL_Driver/Src/stm32f1xx_hal_tim.o
                0x0000000008003a10                TIM_Base_SetConfig
 .text.TIM_TI1_ConfigInputStage
                0x0000000008003ad4       0x5c ./Drivers/STM32F1xx_HAL_Driver/Src/stm32f1xx_hal_tim.o
 .text.TIM_TI2_ConfigInputStage
                0x0000000008003b30       0x5e ./Drivers/STM32F1xx_HAL_Driver/Src/stm32f1xx_hal_tim.o
 .text.TIM_ITRx_SetConfig
                0x0000000008003b8e       0x34 ./Drivers/STM32F1xx_HAL_Driver/Src/stm32f1xx_hal_tim.o
 .text.TIM_ETR_SetConfig
                0x0000000008003bc2       0x3e ./Drivers/STM32F1xx_HAL_Driver/Src/stm32f1xx_hal_tim.o
                0x0000000008003bc2                TIM_ETR_SetConfig
 .text.HAL_TIMEx_MasterConfigSynchronization
                0x0000000008003c00       0xbc ./Drivers/STM32F1xx_HAL_Driver/Src/stm32f1xx_hal_tim_ex.o
                0x0000000008003c00                HAL_TIMEx_MasterConfigSynchronization
 .text.HAL_TIMEx_CommutCallback
                0x0000000008003cbc       0x12 ./Drivers/STM32F1xx_HAL_Driver/Src/stm32f1xx_hal_tim_ex.o
                0x0000000008003cbc                HAL_TIMEx_CommutCallback
 .text.HAL_TIMEx_BreakCallback
                0x0000000008003cce       0x12 ./Drivers/STM32F1xx_HAL_Driver/Src/stm32f1xx_hal_tim_ex.o
                0x0000000008003cce                HAL_TIMEx_BreakCallback
 .text.HAL_UART_Init
                0x0000000008003ce0       0xa0 ./Drivers/STM32F1xx_HAL_Driver/Src/stm32f1xx_hal_uart.o
                0x0000000008003ce0                HAL_UART_Init
 .text.HAL_UART_Transmit
                0x0000000008003d80      0x106 ./Drivers/STM32F1xx_HAL_Driver/Src/stm32f1xx_hal_uart.o
                0x0000000008003d80                HAL_UART_Transmit
 .text.HAL_UART_Receive_IT
                0x0000000008003e86       0x4a ./Drivers/STM32F1xx_HAL_Driver/Src/stm32f1xx_hal_uart.o
                0x0000000008003e86                HAL_UART_Receive_IT
 .text.HAL_UART_IRQHandler
                0x0000000008003ed0      0x524 ./Drivers/STM32F1xx_HAL_Driver/Src/stm32f1xx_hal_uart.o
                0x0000000008003ed0                HAL_UART_IRQHandler
 .text.HAL_UART_TxCpltCallback
                0x00000000080043f4       0x12 ./Drivers/STM32F1xx_HAL_Driver/Src/stm32f1xx_hal_uart.o
                0x00000000080043f4                HAL_UART_TxCpltCallback
 .text.HAL_UART_ErrorCallback
                0x0000000008004406       0x12 ./Drivers/STM32F1xx_HAL_Driver/Src/stm32f1xx_hal_uart.o
                0x0000000008004406                HAL_UART_ErrorCallback
 .text.HAL_UARTEx_RxEventCallback
                0x0000000008004418       0x16 ./Drivers/STM32F1xx_HAL_Driver/Src/stm32f1xx_hal_uart.o
                0x0000000008004418                HAL_UARTEx_RxEventCallback
 .text.UART_WaitOnFlagUntilTimeout
                0x000000000800442e       0xdc ./Drivers/STM32F1xx_HAL_Driver/Src/stm32f1xx_hal_uart.o
 .text.UART_Start_Receive_IT
                0x000000000800450a       0x72 ./Drivers/STM32F1xx_HAL_Driver/Src/stm32f1xx_hal_uart.o
                0x000000000800450a                UART_Start_Receive_IT
 .text.UART_EndRxTransfer
                0x000000000800457c       0xc4 ./Drivers/STM32F1xx_HAL_Driver/Src/stm32f1xx_hal_uart.o
 .text.UART_DMAAbortOnError
                0x0000000008004640       0x28 ./Drivers/STM32F1xx_HAL_Driver/Src/stm32f1xx_hal_uart.o
 .text.UART_Transmit_IT
                0x0000000008004668       0x9e ./Drivers/STM32F1xx_HAL_Driver/Src/stm32f1xx_hal_uart.o
 .text.UART_EndTransmit_IT
                0x0000000008004706       0x30 ./Drivers/STM32F1xx_HAL_Driver/Src/stm32f1xx_hal_uart.o
 .text.UART_Receive_IT
                0x0000000008004736      0x17c ./Drivers/STM32F1xx_HAL_Driver/Src/stm32f1xx_hal_uart.o
 *fill*         0x00000000080048b2        0x2 
 .text.UART_SetConfig
                0x00000000080048b4      0x11c ./Drivers/STM32F1xx_HAL_Driver/Src/stm32f1xx_hal_uart.o
 .text.HC595_AssignPin
                0x00000000080049d0       0x8c ./LIB/Src/74HC595.o
                0x00000000080049d0                HC595_AssignPin
 .text.ByteSlitting
                0x0000000008004a5c       0x54 ./LIB/Src/74HC595.o
 .text.HC595_ShiftOut
                0x0000000008004ab0      0x144 ./LIB/Src/74HC595.o
                0x0000000008004ab0                HC595_ShiftOut
 .text.HC595_Enable
                0x0000000008004bf4       0x20 ./LIB/Src/74HC595.o
                0x0000000008004bf4                HC595_Enable
 .text.LCD_AssignPin
                0x0000000008004c14       0x90 ./LIB/Src/LCD.o
                0x0000000008004c14                LCD_AssignPin
 .text.lcd_Init
                0x0000000008004ca4       0x7a ./LIB/Src/LCD.o
                0x0000000008004ca4                lcd_Init
 *fill*         0x0000000008004d1e        0x2 
 .text.lcd_send_cmd
                0x0000000008004d20      0x228 ./LIB/Src/LCD.o
                0x0000000008004d20                lcd_send_cmd
 .text.lcd_Send_Data
                0x0000000008004f48      0x270 ./LIB/Src/LCD.o
                0x0000000008004f48                lcd_Send_Data
 .text.lcd_Send_String
                0x00000000080051b8       0x2a ./LIB/Src/LCD.o
                0x00000000080051b8                lcd_Send_String
 .text.lcd_Put_Cur
                0x00000000080051e2       0x3e ./LIB/Src/LCD.o
                0x00000000080051e2                lcd_Put_Cur
 .text.newPMS7003
                0x0000000008005220       0x2e ./LIB/Src/PMS7003.o
                0x0000000008005220                newPMS7003
 *fill*         0x000000000800524e        0x2 
 .text.checksum
                0x0000000008005250       0x50 ./LIB/Src/PMS7003.o
                0x0000000008005250                checksum
 .text.PMS7003_init_setmode
                0x00000000080052a0       0x74 ./LIB/Src/PMS7003.o
                0x00000000080052a0                PMS7003_init_setmode
 .text.PMS7003_start_receive
                0x0000000008005314       0x22 ./LIB/Src/PMS7003.o
                0x0000000008005314                PMS7003_start_receive
 .text.PMS7003_receive
                0x0000000008005336       0x22 ./LIB/Src/PMS7003.o
                0x0000000008005336                PMS7003_receive
 .text.uint8_to_uint16
                0x0000000008005358       0x2a ./LIB/Src/PMS7003.o
                0x0000000008005358                uint8_to_uint16
 .text.calculator
                0x0000000008005382       0x66 ./LIB/Src/PMS7003.o
                0x0000000008005382                calculator
 .text.SHT31_Config
                0x00000000080053e8       0x44 ./LIB/Src/SHT31.o
                0x00000000080053e8                SHT31_Config
 .text.SHT31_SendCommand
                0x000000000800542c       0x54 ./LIB/Src/SHT31.o
                0x000000000800542c                SHT31_SendCommand
 .text.SHT31_GetBytes
                0x0000000008005480       0x44 ./LIB/Src/SHT31.o
                0x0000000008005480                SHT31_GetBytes
 .text.SHT31_GetData
                0x00000000080054c4      0x160 ./LIB/Src/SHT31.o
                0x00000000080054c4                SHT31_GetData
 .text.SHT31_GetCommand
                0x0000000008005624       0x78 ./LIB/Src/SHT31.o
                0x0000000008005624                SHT31_GetCommand
 .text.SHT31_CRC_8
                0x000000000800569c       0x72 ./LIB/Src/SHT31.o
                0x000000000800569c                SHT31_CRC_8
 *fill*         0x000000000800570e        0x2 
 .text.SHT31_GetHumidity
                0x0000000008005710       0x50 ./LIB/Src/SHT31.o
                0x0000000008005710                SHT31_GetHumidity
 .text.SHT31_GetTemperature
                0x0000000008005760       0x68 ./LIB/Src/SHT31.o
                0x0000000008005760                SHT31_GetTemperature
 .text.__libc_init_array
                0x00000000080057c8       0x48 c:/st/stm32cubeide_1.11.0/stm32cubeide/plugins/com.st.stm32cube.ide.mcu.externaltools.gnu-tools-for-stm32.10.3-2021.10.win32_1.0.100.202210260954/tools/bin/../lib/gcc/arm-none-eabi/10.3.1/../../../../arm-none-eabi/lib/thumb/v7-m/nofp\libc_nano.a(lib_a-init.o)
                0x00000000080057c8                __libc_init_array
 .text.memset   0x0000000008005810       0x10 c:/st/stm32cubeide_1.11.0/stm32cubeide/plugins/com.st.stm32cube.ide.mcu.externaltools.gnu-tools-for-stm32.10.3-2021.10.win32_1.0.100.202210260954/tools/bin/../lib/gcc/arm-none-eabi/10.3.1/../../../../arm-none-eabi/lib/thumb/v7-m/nofp\libc_nano.a(lib_a-memset.o)
                0x0000000008005810                memset
 *(.glue_7)
 .glue_7        0x0000000008005820        0x0 linker stubs
 *(.glue_7t)
 .glue_7t       0x0000000008005820        0x0 linker stubs
 *(.eh_frame)
 .eh_frame      0x0000000008005820        0x0 c:/st/stm32cubeide_1.11.0/stm32cubeide/plugins/com.st.stm32cube.ide.mcu.externaltools.gnu-tools-for-stm32.10.3-2021.10.win32_1.0.100.202210260954/tools/bin/../lib/gcc/arm-none-eabi/10.3.1/thumb/v7-m/nofp/crtbegin.o
 *(.init)
 .init          0x0000000008005820        0x4 c:/st/stm32cubeide_1.11.0/stm32cubeide/plugins/com.st.stm32cube.ide.mcu.externaltools.gnu-tools-for-stm32.10.3-2021.10.win32_1.0.100.202210260954/tools/bin/../lib/gcc/arm-none-eabi/10.3.1/thumb/v7-m/nofp/crti.o
                0x0000000008005820                _init
 .init          0x0000000008005824        0x8 c:/st/stm32cubeide_1.11.0/stm32cubeide/plugins/com.st.stm32cube.ide.mcu.externaltools.gnu-tools-for-stm32.10.3-2021.10.win32_1.0.100.202210260954/tools/bin/../lib/gcc/arm-none-eabi/10.3.1/thumb/v7-m/nofp/crtn.o
 *(.fini)
 .fini          0x000000000800582c        0x4 c:/st/stm32cubeide_1.11.0/stm32cubeide/plugins/com.st.stm32cube.ide.mcu.externaltools.gnu-tools-for-stm32.10.3-2021.10.win32_1.0.100.202210260954/tools/bin/../lib/gcc/arm-none-eabi/10.3.1/thumb/v7-m/nofp/crti.o
                0x000000000800582c                _fini
 .fini          0x0000000008005830        0x8 c:/st/stm32cubeide_1.11.0/stm32cubeide/plugins/com.st.stm32cube.ide.mcu.externaltools.gnu-tools-for-stm32.10.3-2021.10.win32_1.0.100.202210260954/tools/bin/../lib/gcc/arm-none-eabi/10.3.1/thumb/v7-m/nofp/crtn.o
                0x0000000008005838                . = ALIGN (0x4)
                0x0000000008005838                _etext = .

.vfp11_veneer   0x0000000008005838        0x0
 .vfp11_veneer  0x0000000008005838        0x0 linker stubs

.v4_bx          0x0000000008005838        0x0
 .v4_bx         0x0000000008005838        0x0 linker stubs

.iplt           0x0000000008005838        0x0
 .iplt          0x0000000008005838        0x0 c:/st/stm32cubeide_1.11.0/stm32cubeide/plugins/com.st.stm32cube.ide.mcu.externaltools.gnu-tools-for-stm32.10.3-2021.10.win32_1.0.100.202210260954/tools/bin/../lib/gcc/arm-none-eabi/10.3.1/thumb/v7-m/nofp/crtbegin.o

.rodata         0x0000000008005838       0x6c
                0x0000000008005838                . = ALIGN (0x4)
 *(.rodata)
 .rodata        0x0000000008005838        0x5 ./Core/Src/main.o
 *(.rodata*)
 *fill*         0x000000000800583d        0x3 
 .rodata.AHBPrescTable
                0x0000000008005840       0x10 ./Core/Src/system_stm32f1xx.o
                0x0000000008005840                AHBPrescTable
 .rodata.APBPrescTable
                0x0000000008005850        0x8 ./Core/Src/system_stm32f1xx.o
                0x0000000008005850                APBPrescTable
 .rodata.aPLLMULFactorTable.1
                0x0000000008005858       0x10 ./Drivers/STM32F1xx_HAL_Driver/Src/stm32f1xx_hal_rcc.o
 .rodata.aPredivFactorTable.0
                0x0000000008005868        0x2 ./Drivers/STM32F1xx_HAL_Driver/Src/stm32f1xx_hal_rcc.o
 *fill*         0x000000000800586a        0x2 
 .rodata.MeasureSingleShotCMD
                0x000000000800586c        0xc ./LIB/Src/SHT31.o
                0x000000000800586c                MeasureSingleShotCMD
 .rodata.MeasurePeriodicCMD
                0x0000000008005878       0x1e ./LIB/Src/SHT31.o
                0x0000000008005878                MeasurePeriodicCMD
 *fill*         0x0000000008005896        0x2 
 .rodata.MilsPerMeasure
                0x0000000008005898        0xa ./LIB/Src/SHT31.o
                0x0000000008005898                MilsPerMeasure
                0x00000000080058a4                . = ALIGN (0x4)
 *fill*         0x00000000080058a2        0x2 

.rel.dyn        0x00000000080058a4        0x0
 .rel.iplt      0x00000000080058a4        0x0 c:/st/stm32cubeide_1.11.0/stm32cubeide/plugins/com.st.stm32cube.ide.mcu.externaltools.gnu-tools-for-stm32.10.3-2021.10.win32_1.0.100.202210260954/tools/bin/../lib/gcc/arm-none-eabi/10.3.1/thumb/v7-m/nofp/crtbegin.o

.ARM.extab      0x00000000080058a4        0x0
                0x00000000080058a4                . = ALIGN (0x4)
 *(.ARM.extab* .gnu.linkonce.armextab.*)
                0x00000000080058a4                . = ALIGN (0x4)

.ARM            0x00000000080058a4        0x0
                0x00000000080058a4                . = ALIGN (0x4)
                0x00000000080058a4                __exidx_start = .
 *(.ARM.exidx*)
                0x00000000080058a4                __exidx_end = .
                0x00000000080058a4                . = ALIGN (0x4)

.preinit_array  0x00000000080058a4        0x0
                0x00000000080058a4                . = ALIGN (0x4)
                0x00000000080058a4                PROVIDE (__preinit_array_start = .)
 *(.preinit_array*)
                0x00000000080058a4                PROVIDE (__preinit_array_end = .)
                0x00000000080058a4                . = ALIGN (0x4)

.init_array     0x00000000080058a4        0x4
                0x00000000080058a4                . = ALIGN (0x4)
                0x00000000080058a4                PROVIDE (__init_array_start = .)
 *(SORT_BY_NAME(.init_array.*))
 *(.init_array*)
 .init_array    0x00000000080058a4        0x4 c:/st/stm32cubeide_1.11.0/stm32cubeide/plugins/com.st.stm32cube.ide.mcu.externaltools.gnu-tools-for-stm32.10.3-2021.10.win32_1.0.100.202210260954/tools/bin/../lib/gcc/arm-none-eabi/10.3.1/thumb/v7-m/nofp/crtbegin.o
                0x00000000080058a8                PROVIDE (__init_array_end = .)
                0x00000000080058a8                . = ALIGN (0x4)

.fini_array     0x00000000080058a8        0x4
                0x00000000080058a8                . = ALIGN (0x4)
                [!provide]                        PROVIDE (__fini_array_start = .)
 *(SORT_BY_NAME(.fini_array.*))
 *(.fini_array*)
 .fini_array    0x00000000080058a8        0x4 c:/st/stm32cubeide_1.11.0/stm32cubeide/plugins/com.st.stm32cube.ide.mcu.externaltools.gnu-tools-for-stm32.10.3-2021.10.win32_1.0.100.202210260954/tools/bin/../lib/gcc/arm-none-eabi/10.3.1/thumb/v7-m/nofp/crtbegin.o
                [!provide]                        PROVIDE (__fini_array_end = .)
                0x00000000080058ac                . = ALIGN (0x4)
                0x00000000080058ac                _sidata = LOADADDR (.data)

.data           0x0000000020000000       0x10 load address 0x00000000080058ac
                0x0000000020000000                . = ALIGN (0x4)
                0x0000000020000000                _sdata = .
 *(.data)
 *(.data*)
 .data.SystemCoreClock
                0x0000000020000000        0x4 ./Core/Src/system_stm32f1xx.o
                0x0000000020000000                SystemCoreClock
 .data.uwTickPrio
                0x0000000020000004        0x4 ./Drivers/STM32F1xx_HAL_Driver/Src/stm32f1xx_hal.o
                0x0000000020000004                uwTickPrio
 .data.uwTickFreq
                0x0000000020000008        0x1 ./Drivers/STM32F1xx_HAL_Driver/Src/stm32f1xx_hal.o
                0x0000000020000008                uwTickFreq
 *fill*         0x0000000020000009        0x3 
 .data.MeasureTime
                0x000000002000000c        0x3 ./LIB/Src/SHT31.o
                0x000000002000000c                MeasureTime
 *(.RamFunc)
 *(.RamFunc*)
                0x0000000020000010                . = ALIGN (0x4)
 *fill*         0x000000002000000f        0x1 
                0x0000000020000010                _edata = .

.igot.plt       0x0000000020000010        0x0 load address 0x00000000080058bc
 .igot.plt      0x0000000020000010        0x0 c:/st/stm32cubeide_1.11.0/stm32cubeide/plugins/com.st.stm32cube.ide.mcu.externaltools.gnu-tools-for-stm32.10.3-2021.10.win32_1.0.100.202210260954/tools/bin/../lib/gcc/arm-none-eabi/10.3.1/thumb/v7-m/nofp/crtbegin.o
                0x0000000020000010                . = ALIGN (0x4)

.bss            0x0000000020000010      0x200 load address 0x00000000080058bc
                0x0000000020000010                _sbss = .
                0x0000000020000010                __bss_start__ = _sbss
 *(.bss)
 .bss           0x0000000020000010       0x1c c:/st/stm32cubeide_1.11.0/stm32cubeide/plugins/com.st.stm32cube.ide.mcu.externaltools.gnu-tools-for-stm32.10.3-2021.10.win32_1.0.100.202210260954/tools/bin/../lib/gcc/arm-none-eabi/10.3.1/thumb/v7-m/nofp/crtbegin.o
 *(.bss*)
 .bss.hi2c1     0x000000002000002c       0x54 ./Core/Src/main.o
                0x000000002000002c                hi2c1
 .bss.htim2     0x0000000020000080       0x48 ./Core/Src/main.o
                0x0000000020000080                htim2
 .bss.huart1    0x00000000200000c8       0x48 ./Core/Src/main.o
                0x00000000200000c8                huart1
 .bss.huart2    0x0000000020000110       0x48 ./Core/Src/main.o
                0x0000000020000110                huart2
 .bss.myPMS     0x0000000020000158       0x28 ./Core/Src/main.o
                0x0000000020000158                myPMS
 .bss.my595     0x0000000020000180       0x24 ./Core/Src/main.o
                0x0000000020000180                my595
 .bss.myLCD     0x00000000200001a4        0x8 ./Core/Src/main.o
                0x00000000200001a4                myLCD
 .bss.pm1p0     0x00000000200001ac        0x2 ./Core/Src/main.o
                0x00000000200001ac                pm1p0
 .bss.pm2p5     0x00000000200001ae        0x2 ./Core/Src/main.o
                0x00000000200001ae                pm2p5
 .bss.pm10      0x00000000200001b0        0x2 ./Core/Src/main.o
                0x00000000200001b0                pm10
 .bss.flagSEN   0x00000000200001b2        0x1 ./Core/Src/main.o
                0x00000000200001b2                flagSEN
 .bss.flagTIMER
                0x00000000200001b3        0x1 ./Core/Src/main.o
                0x00000000200001b3                flagTIMER
 .bss.count     0x00000000200001b4        0x4 ./Core/Src/main.o
                0x00000000200001b4                count
 .bss.temperature
                0x00000000200001b8        0x4 ./Core/Src/main.o
                0x00000000200001b8                temperature
 .bss.humidity  0x00000000200001bc        0x4 ./Core/Src/main.o
                0x00000000200001bc                humidity
 .bss.CB        0x00000000200001c0       0x10 ./Core/Src/main.o
                0x00000000200001c0                CB
 .bss.uwTick    0x00000000200001d0        0x4 ./Drivers/STM32F1xx_HAL_Driver/Src/stm32f1xx_hal.o
                0x00000000200001d0                uwTick
 .bss._hc595    0x00000000200001d4        0x4 ./LIB/Src/74HC595.o
                0x00000000200001d4                _hc595
 .bss._LCD      0x00000000200001d8        0x4 ./LIB/Src/LCD.o
                0x00000000200001d8                _LCD
 .bss.txbuffer  0x00000000200001dc        0x7 ./LIB/Src/PMS7003.o
 *fill*         0x00000000200001e3        0x5 
 .bss.sht31     0x00000000200001e8       0x28 ./LIB/Src/SHT31.o
                0x00000000200001e8                sht31
 *(COMMON)
                0x0000000020000210                . = ALIGN (0x4)
                0x0000000020000210                _ebss = .
                0x0000000020000210                __bss_end__ = _ebss

._user_heap_stack
                0x0000000020000210      0x600 load address 0x00000000080058bc
                0x0000000020000210                . = ALIGN (0x8)
                [!provide]                        PROVIDE (end = .)
                0x0000000020000210                PROVIDE (_end = .)
                0x0000000020000410                . = (. + _Min_Heap_Size)
 *fill*         0x0000000020000210      0x200 
                0x0000000020000810                . = (. + _Min_Stack_Size)
 *fill*         0x0000000020000410      0x400 
                0x0000000020000810                . = ALIGN (0x8)

/DISCARD/
 libc.a(*)
 libm.a(*)
 libgcc.a(*)

.ARM.attributes
                0x0000000000000000       0x29
 *(.ARM.attributes)
 .ARM.attributes
                0x0000000000000000       0x1d c:/st/stm32cubeide_1.11.0/stm32cubeide/plugins/com.st.stm32cube.ide.mcu.externaltools.gnu-tools-for-stm32.10.3-2021.10.win32_1.0.100.202210260954/tools/bin/../lib/gcc/arm-none-eabi/10.3.1/thumb/v7-m/nofp/crti.o
 .ARM.attributes
                0x000000000000001d       0x2d c:/st/stm32cubeide_1.11.0/stm32cubeide/plugins/com.st.stm32cube.ide.mcu.externaltools.gnu-tools-for-stm32.10.3-2021.10.win32_1.0.100.202210260954/tools/bin/../lib/gcc/arm-none-eabi/10.3.1/thumb/v7-m/nofp/crtbegin.o
 .ARM.attributes
                0x000000000000004a       0x2d ./Core/Src/main.o
 .ARM.attributes
                0x0000000000000077       0x2d ./Core/Src/stm32f1xx_hal_msp.o
 .ARM.attributes
                0x00000000000000a4       0x2d ./Core/Src/stm32f1xx_it.o
 .ARM.attributes
                0x00000000000000d1       0x2d ./Core/Src/system_stm32f1xx.o
 .ARM.attributes
                0x00000000000000fe       0x21 ./Core/Startup/startup_stm32f103c8tx.o
 .ARM.attributes
                0x000000000000011f       0x2d ./Drivers/STM32F1xx_HAL_Driver/Src/stm32f1xx_hal.o
 .ARM.attributes
                0x000000000000014c       0x2d ./Drivers/STM32F1xx_HAL_Driver/Src/stm32f1xx_hal_cortex.o
 .ARM.attributes
                0x0000000000000179       0x2d ./Drivers/STM32F1xx_HAL_Driver/Src/stm32f1xx_hal_dma.o
 .ARM.attributes
                0x00000000000001a6       0x2d ./Drivers/STM32F1xx_HAL_Driver/Src/stm32f1xx_hal_gpio.o
 .ARM.attributes
                0x00000000000001d3       0x2d ./Drivers/STM32F1xx_HAL_Driver/Src/stm32f1xx_hal_i2c.o
 .ARM.attributes
                0x0000000000000200       0x2d ./Drivers/STM32F1xx_HAL_Driver/Src/stm32f1xx_hal_rcc.o
 .ARM.attributes
                0x000000000000022d       0x2d ./Drivers/STM32F1xx_HAL_Driver/Src/stm32f1xx_hal_tim.o
 .ARM.attributes
                0x000000000000025a       0x2d ./Drivers/STM32F1xx_HAL_Driver/Src/stm32f1xx_hal_tim_ex.o
 .ARM.attributes
                0x0000000000000287       0x2d ./Drivers/STM32F1xx_HAL_Driver/Src/stm32f1xx_hal_uart.o
 .ARM.attributes
                0x00000000000002b4       0x2d ./LIB/Src/74HC595.o
 .ARM.attributes
                0x00000000000002e1       0x2d ./LIB/Src/LCD.o
 .ARM.attributes
                0x000000000000030e       0x2d ./LIB/Src/PMS7003.o
 .ARM.attributes
                0x000000000000033b       0x2d ./LIB/Src/SHT31.o
 .ARM.attributes
                0x0000000000000368       0x2d c:/st/stm32cubeide_1.11.0/stm32cubeide/plugins/com.st.stm32cube.ide.mcu.externaltools.gnu-tools-for-stm32.10.3-2021.10.win32_1.0.100.202210260954/tools/bin/../lib/gcc/arm-none-eabi/10.3.1/../../../../arm-none-eabi/lib/thumb/v7-m/nofp\libc_nano.a(lib_a-init.o)
 .ARM.attributes
                0x0000000000000395       0x2d c:/st/stm32cubeide_1.11.0/stm32cubeide/plugins/com.st.stm32cube.ide.mcu.externaltools.gnu-tools-for-stm32.10.3-2021.10.win32_1.0.100.202210260954/tools/bin/../lib/gcc/arm-none-eabi/10.3.1/../../../../arm-none-eabi/lib/thumb/v7-m/nofp\libc_nano.a(lib_a-memset.o)
 .ARM.attributes
                0x00000000000003c2       0x1d c:/st/stm32cubeide_1.11.0/stm32cubeide/plugins/com.st.stm32cube.ide.mcu.externaltools.gnu-tools-for-stm32.10.3-2021.10.win32_1.0.100.202210260954/tools/bin/../lib/gcc/arm-none-eabi/10.3.1/thumb/v7-m/nofp\libgcc.a(_arm_addsubdf3.o)
 .ARM.attributes
                0x00000000000003df       0x1d c:/st/stm32cubeide_1.11.0/stm32cubeide/plugins/com.st.stm32cube.ide.mcu.externaltools.gnu-tools-for-stm32.10.3-2021.10.win32_1.0.100.202210260954/tools/bin/../lib/gcc/arm-none-eabi/10.3.1/thumb/v7-m/nofp\libgcc.a(_arm_muldivdf3.o)
 .ARM.attributes
                0x00000000000003fc       0x1d c:/st/stm32cubeide_1.11.0/stm32cubeide/plugins/com.st.stm32cube.ide.mcu.externaltools.gnu-tools-for-stm32.10.3-2021.10.win32_1.0.100.202210260954/tools/bin/../lib/gcc/arm-none-eabi/10.3.1/thumb/v7-m/nofp\libgcc.a(_arm_truncdfsf2.o)
 .ARM.attributes
                0x0000000000000419       0x1d c:/st/stm32cubeide_1.11.0/stm32cubeide/plugins/com.st.stm32cube.ide.mcu.externaltools.gnu-tools-for-stm32.10.3-2021.10.win32_1.0.100.202210260954/tools/bin/../lib/gcc/arm-none-eabi/10.3.1/thumb/v7-m/nofp\libgcc.a(_arm_addsubsf3.o)
 .ARM.attributes
                0x0000000000000436       0x1d c:/st/stm32cubeide_1.11.0/stm32cubeide/plugins/com.st.stm32cube.ide.mcu.externaltools.gnu-tools-for-stm32.10.3-2021.10.win32_1.0.100.202210260954/tools/bin/../lib/gcc/arm-none-eabi/10.3.1/thumb/v7-m/nofp/crtn.o
OUTPUT(DATN.elf elf32-littlearm)
LOAD linker stubs
LOAD c:/st/stm32cubeide_1.11.0/stm32cubeide/plugins/com.st.stm32cube.ide.mcu.externaltools.gnu-tools-for-stm32.10.3-2021.10.win32_1.0.100.202210260954/tools/bin/../lib/gcc/arm-none-eabi/10.3.1/../../../../arm-none-eabi/lib/thumb/v7-m/nofp\libc.a
LOAD c:/st/stm32cubeide_1.11.0/stm32cubeide/plugins/com.st.stm32cube.ide.mcu.externaltools.gnu-tools-for-stm32.10.3-2021.10.win32_1.0.100.202210260954/tools/bin/../lib/gcc/arm-none-eabi/10.3.1/../../../../arm-none-eabi/lib/thumb/v7-m/nofp\libm.a
LOAD c:/st/stm32cubeide_1.11.0/stm32cubeide/plugins/com.st.stm32cube.ide.mcu.externaltools.gnu-tools-for-stm32.10.3-2021.10.win32_1.0.100.202210260954/tools/bin/../lib/gcc/arm-none-eabi/10.3.1/thumb/v7-m/nofp\libgcc.a

.debug_info     0x0000000000000000    0x1147e
 .debug_info    0x0000000000000000     0x17e7 ./Core/Src/main.o
 .debug_info    0x00000000000017e7     0x1129 ./Core/Src/stm32f1xx_hal_msp.o
 .debug_info    0x0000000000002910      0x9d5 ./Core/Src/stm32f1xx_it.o
 .debug_info    0x00000000000032e5      0x23d ./Core/Src/system_stm32f1xx.o
 .debug_info    0x0000000000003522       0x22 ./Core/Startup/startup_stm32f103c8tx.o
 .debug_info    0x0000000000003544      0x734 ./Drivers/STM32F1xx_HAL_Driver/Src/stm32f1xx_hal.o
 .debug_info    0x0000000000003c78      0xb20 ./Drivers/STM32F1xx_HAL_Driver/Src/stm32f1xx_hal_cortex.o
 .debug_info    0x0000000000004798      0x744 ./Drivers/STM32F1xx_HAL_Driver/Src/stm32f1xx_hal_dma.o
 .debug_info    0x0000000000004edc      0x615 ./Drivers/STM32F1xx_HAL_Driver/Src/stm32f1xx_hal_gpio.o
 .debug_info    0x00000000000054f1     0x2761 ./Drivers/STM32F1xx_HAL_Driver/Src/stm32f1xx_hal_i2c.o
 .debug_info    0x0000000000007c52      0x865 ./Drivers/STM32F1xx_HAL_Driver/Src/stm32f1xx_hal_rcc.o
 .debug_info    0x00000000000084b7     0x2bab ./Drivers/STM32F1xx_HAL_Driver/Src/stm32f1xx_hal_tim.o
 .debug_info    0x000000000000b062     0x15c7 ./Drivers/STM32F1xx_HAL_Driver/Src/stm32f1xx_hal_tim_ex.o
 .debug_info    0x000000000000c629     0x31b2 ./Drivers/STM32F1xx_HAL_Driver/Src/stm32f1xx_hal_uart.o
 .debug_info    0x000000000000f7db      0x5eb ./LIB/Src/74HC595.o
 .debug_info    0x000000000000fdc6      0x396 ./LIB/Src/LCD.o
 .debug_info    0x000000000001015c      0x7de ./LIB/Src/PMS7003.o
 .debug_info    0x000000000001093a      0xb44 ./LIB/Src/SHT31.o

.debug_abbrev   0x0000000000000000     0x25dd
 .debug_abbrev  0x0000000000000000      0x362 ./Core/Src/main.o
 .debug_abbrev  0x0000000000000362      0x1f9 ./Core/Src/stm32f1xx_hal_msp.o
 .debug_abbrev  0x000000000000055b      0x18b ./Core/Src/stm32f1xx_it.o
 .debug_abbrev  0x00000000000006e6      0x13b ./Core/Src/system_stm32f1xx.o
 .debug_abbrev  0x0000000000000821       0x12 ./Core/Startup/startup_stm32f103c8tx.o
 .debug_abbrev  0x0000000000000833      0x1fb ./Drivers/STM32F1xx_HAL_Driver/Src/stm32f1xx_hal.o
 .debug_abbrev  0x0000000000000a2e      0x2ed ./Drivers/STM32F1xx_HAL_Driver/Src/stm32f1xx_hal_cortex.o
 .debug_abbrev  0x0000000000000d1b      0x1fe ./Drivers/STM32F1xx_HAL_Driver/Src/stm32f1xx_hal_dma.o
 .debug_abbrev  0x0000000000000f19      0x1bb ./Drivers/STM32F1xx_HAL_Driver/Src/stm32f1xx_hal_gpio.o
 .debug_abbrev  0x00000000000010d4      0x288 ./Drivers/STM32F1xx_HAL_Driver/Src/stm32f1xx_hal_i2c.o
 .debug_abbrev  0x000000000000135c      0x2a8 ./Drivers/STM32F1xx_HAL_Driver/Src/stm32f1xx_hal_rcc.o
 .debug_abbrev  0x0000000000001604      0x264 ./Drivers/STM32F1xx_HAL_Driver/Src/stm32f1xx_hal_tim.o
 .debug_abbrev  0x0000000000001868      0x26c ./Drivers/STM32F1xx_HAL_Driver/Src/stm32f1xx_hal_tim_ex.o
 .debug_abbrev  0x0000000000001ad4      0x2df ./Drivers/STM32F1xx_HAL_Driver/Src/stm32f1xx_hal_uart.o
 .debug_abbrev  0x0000000000001db3      0x265 ./LIB/Src/74HC595.o
 .debug_abbrev  0x0000000000002018      0x185 ./LIB/Src/LCD.o
 .debug_abbrev  0x000000000000219d      0x1fd ./LIB/Src/PMS7003.o
 .debug_abbrev  0x000000000000239a      0x243 ./LIB/Src/SHT31.o

.debug_aranges  0x0000000000000000     0x1060
 .debug_aranges
                0x0000000000000000       0x90 ./Core/Src/main.o
 .debug_aranges
                0x0000000000000090       0x50 ./Core/Src/stm32f1xx_hal_msp.o
 .debug_aranges
                0x00000000000000e0       0x78 ./Core/Src/stm32f1xx_it.o
 .debug_aranges
                0x0000000000000158       0x28 ./Core/Src/system_stm32f1xx.o
 .debug_aranges
                0x0000000000000180       0x28 ./Core/Startup/startup_stm32f103c8tx.o
 .debug_aranges
                0x00000000000001a8       0xe0 ./Drivers/STM32F1xx_HAL_Driver/Src/stm32f1xx_hal.o
 .debug_aranges
                0x0000000000000288      0x100 ./Drivers/STM32F1xx_HAL_Driver/Src/stm32f1xx_hal_cortex.o
 .debug_aranges
                0x0000000000000388       0x80 ./Drivers/STM32F1xx_HAL_Driver/Src/stm32f1xx_hal_dma.o
 .debug_aranges
                0x0000000000000408       0x58 ./Drivers/STM32F1xx_HAL_Driver/Src/stm32f1xx_hal_gpio.o
 .debug_aranges
                0x0000000000000460      0x2a8 ./Drivers/STM32F1xx_HAL_Driver/Src/stm32f1xx_hal_i2c.o
 .debug_aranges
                0x0000000000000708       0x90 ./Drivers/STM32F1xx_HAL_Driver/Src/stm32f1xx_hal_rcc.o
 .debug_aranges
                0x0000000000000798      0x3d0 ./Drivers/STM32F1xx_HAL_Driver/Src/stm32f1xx_hal_tim.o
 .debug_aranges
                0x0000000000000b68      0x168 ./Drivers/STM32F1xx_HAL_Driver/Src/stm32f1xx_hal_tim_ex.o
 .debug_aranges
                0x0000000000000cd0      0x208 ./Drivers/STM32F1xx_HAL_Driver/Src/stm32f1xx_hal_uart.o
 .debug_aranges
                0x0000000000000ed8       0x80 ./LIB/Src/74HC595.o
 .debug_aranges
                0x0000000000000f58       0x48 ./LIB/Src/LCD.o
 .debug_aranges
                0x0000000000000fa0       0x58 ./LIB/Src/PMS7003.o
 .debug_aranges
                0x0000000000000ff8       0x68 ./LIB/Src/SHT31.o

.debug_ranges   0x0000000000000000      0xf90
 .debug_ranges  0x0000000000000000       0x80 ./Core/Src/main.o
 .debug_ranges  0x0000000000000080       0x40 ./Core/Src/stm32f1xx_hal_msp.o
 .debug_ranges  0x00000000000000c0       0x68 ./Core/Src/stm32f1xx_it.o
 .debug_ranges  0x0000000000000128       0x18 ./Core/Src/system_stm32f1xx.o
 .debug_ranges  0x0000000000000140       0x20 ./Core/Startup/startup_stm32f103c8tx.o
 .debug_ranges  0x0000000000000160       0xd0 ./Drivers/STM32F1xx_HAL_Driver/Src/stm32f1xx_hal.o
 .debug_ranges  0x0000000000000230       0xf0 ./Drivers/STM32F1xx_HAL_Driver/Src/stm32f1xx_hal_cortex.o
 .debug_ranges  0x0000000000000320       0x70 ./Drivers/STM32F1xx_HAL_Driver/Src/stm32f1xx_hal_dma.o
 .debug_ranges  0x0000000000000390       0x48 ./Drivers/STM32F1xx_HAL_Driver/Src/stm32f1xx_hal_gpio.o
 .debug_ranges  0x00000000000003d8      0x2b0 ./Drivers/STM32F1xx_HAL_Driver/Src/stm32f1xx_hal_i2c.o
 .debug_ranges  0x0000000000000688       0x80 ./Drivers/STM32F1xx_HAL_Driver/Src/stm32f1xx_hal_rcc.o
 .debug_ranges  0x0000000000000708      0x3c0 ./Drivers/STM32F1xx_HAL_Driver/Src/stm32f1xx_hal_tim.o
 .debug_ranges  0x0000000000000ac8      0x158 ./Drivers/STM32F1xx_HAL_Driver/Src/stm32f1xx_hal_tim_ex.o
 .debug_ranges  0x0000000000000c20      0x228 ./Drivers/STM32F1xx_HAL_Driver/Src/stm32f1xx_hal_uart.o
 .debug_ranges  0x0000000000000e48       0x70 ./LIB/Src/74HC595.o
 .debug_ranges  0x0000000000000eb8       0x38 ./LIB/Src/LCD.o
 .debug_ranges  0x0000000000000ef0       0x48 ./LIB/Src/PMS7003.o
 .debug_ranges  0x0000000000000f38       0x58 ./LIB/Src/SHT31.o

.debug_macro    0x0000000000000000    0x18ab1
 .debug_macro   0x0000000000000000      0x39d ./Core/Src/main.o
 .debug_macro   0x000000000000039d      0xa6c ./Core/Src/main.o
 .debug_macro   0x0000000000000e09      0x221 ./Core/Src/main.o
 .debug_macro   0x000000000000102a       0x2e ./Core/Src/main.o
 .debug_macro   0x0000000000001058       0x22 ./Core/Src/main.o
 .debug_macro   0x000000000000107a       0x22 ./Core/Src/main.o
 .debug_macro   0x000000000000109c       0x8e ./Core/Src/main.o
 .debug_macro   0x000000000000112a       0x51 ./Core/Src/main.o
 .debug_macro   0x000000000000117b      0x103 ./Core/Src/main.o
 .debug_macro   0x000000000000127e       0x6a ./Core/Src/main.o
 .debug_macro   0x00000000000012e8      0x1df ./Core/Src/main.o
 .debug_macro   0x00000000000014c7       0x1c ./Core/Src/main.o
 .debug_macro   0x00000000000014e3       0x22 ./Core/Src/main.o
 .debug_macro   0x0000000000001505       0xbd ./Core/Src/main.o
 .debug_macro   0x00000000000015c2      0xd23 ./Core/Src/main.o
 .debug_macro   0x00000000000022e5     0xe09e ./Core/Src/main.o
 .debug_macro   0x0000000000010383       0x6d ./Core/Src/main.o
 .debug_macro   0x00000000000103f0     0x348d ./Core/Src/main.o
 .debug_macro   0x000000000001387d      0x174 ./Core/Src/main.o
 .debug_macro   0x00000000000139f1       0x5c ./Core/Src/main.o
 .debug_macro   0x0000000000013a4d      0x5bc ./Core/Src/main.o
 .debug_macro   0x0000000000014009      0x289 ./Core/Src/main.o
 .debug_macro   0x0000000000014292      0x1cb ./Core/Src/main.o
 .debug_macro   0x000000000001445d      0x114 ./Core/Src/main.o
 .debug_macro   0x0000000000014571      0x1b2 ./Core/Src/main.o
 .debug_macro   0x0000000000014723       0x27 ./Core/Src/main.o
 .debug_macro   0x000000000001474a      0x136 ./Core/Src/main.o
 .debug_macro   0x0000000000014880      0x1bc ./Core/Src/main.o
 .debug_macro   0x0000000000014a3c       0x34 ./Core/Src/main.o
 .debug_macro   0x0000000000014a70       0x3c ./Core/Src/main.o
 .debug_macro   0x0000000000014aac       0x57 ./Core/Src/main.o
 .debug_macro   0x0000000000014b03       0x87 ./Core/Src/main.o
 .debug_macro   0x0000000000014b8a      0x240 ./Core/Src/main.o
 .debug_macro   0x0000000000014dca      0x287 ./Core/Src/main.o
 .debug_macro   0x0000000000015051      0x140 ./Core/Src/main.o
 .debug_macro   0x0000000000015191      0x8ed ./Core/Src/main.o
 .debug_macro   0x0000000000015a7e      0x28e ./Core/Src/main.o
 .debug_macro   0x0000000000015d0c       0x83 ./Core/Src/main.o
 .debug_macro   0x0000000000015d8f       0x34 ./Core/Src/main.o
 .debug_macro   0x0000000000015dc3       0x52 ./Core/Src/main.o
 .debug_macro   0x0000000000015e15       0x18 ./Core/Src/main.o
 .debug_macro   0x0000000000015e2d       0x3c ./Core/Src/main.o
 .debug_macro   0x0000000000015e69       0x34 ./Core/Src/main.o
 .debug_macro   0x0000000000015e9d       0x16 ./Core/Src/main.o
 .debug_macro   0x0000000000015eb3       0x43 ./Core/Src/main.o
 .debug_macro   0x0000000000015ef6       0x34 ./Core/Src/main.o
 .debug_macro   0x0000000000015f2a       0x10 ./Core/Src/main.o
 .debug_macro   0x0000000000015f3a       0x58 ./Core/Src/main.o
 .debug_macro   0x0000000000015f92       0x71 ./Core/Src/main.o
 .debug_macro   0x0000000000016003       0x1c ./Core/Src/main.o
 .debug_macro   0x000000000001601f      0x12a ./Core/Src/main.o
 .debug_macro   0x0000000000016149      0x341 ./Core/Src/main.o
 .debug_macro   0x000000000001648a       0x10 ./Core/Src/main.o
 .debug_macro   0x000000000001649a       0x35 ./Core/Src/main.o
 .debug_macro   0x00000000000164cf       0x20 ./Core/Src/main.o
 .debug_macro   0x00000000000164ef       0x1c ./Core/Src/main.o
 .debug_macro   0x000000000001650b       0x10 ./Core/Src/main.o
 .debug_macro   0x000000000001651b       0x10 ./Core/Src/main.o
 .debug_macro   0x000000000001652b       0x1c ./Core/Src/main.o
 .debug_macro   0x0000000000016547       0x52 ./Core/Src/main.o
 .debug_macro   0x0000000000016599       0x22 ./Core/Src/main.o
 .debug_macro   0x00000000000165bb       0x10 ./Core/Src/main.o
 .debug_macro   0x00000000000165cb       0x52 ./Core/Src/main.o
 .debug_macro   0x000000000001661d       0xd5 ./Core/Src/main.o
 .debug_macro   0x00000000000166f2       0x1c ./Core/Src/main.o
 .debug_macro   0x000000000001670e       0x3d ./Core/Src/main.o
 .debug_macro   0x000000000001674b       0x16 ./Core/Src/main.o
 .debug_macro   0x0000000000016761      0x145 ./Core/Src/main.o
 .debug_macro   0x00000000000168a6       0x9a ./Core/Src/main.o
 .debug_macro   0x0000000000016940       0x4c ./Core/Src/main.o
 .debug_macro   0x000000000001698c       0x1c ./Core/Src/main.o
 .debug_macro   0x00000000000169a8       0x22 ./Core/Src/main.o
 .debug_macro   0x00000000000169ca       0x46 ./Core/Src/main.o
 .debug_macro   0x0000000000016a10       0x34 ./Core/Src/main.o
 .debug_macro   0x0000000000016a44      0x1bc ./Core/Src/stm32f1xx_hal_msp.o
 .debug_macro   0x0000000000016c00      0x1c6 ./Core/Src/stm32f1xx_it.o
 .debug_macro   0x0000000000016dc6      0x1ad ./Core/Src/system_stm32f1xx.o
 .debug_macro   0x0000000000016f73      0x1d1 ./Drivers/STM32F1xx_HAL_Driver/Src/stm32f1xx_hal.o
 .debug_macro   0x0000000000017144      0x1ad ./Drivers/STM32F1xx_HAL_Driver/Src/stm32f1xx_hal_cortex.o
 .debug_macro   0x00000000000172f1      0x1ad ./Drivers/STM32F1xx_HAL_Driver/Src/stm32f1xx_hal_dma.o
 .debug_macro   0x000000000001749e      0x218 ./Drivers/STM32F1xx_HAL_Driver/Src/stm32f1xx_hal_gpio.o
 .debug_macro   0x00000000000176b6      0x1fb ./Drivers/STM32F1xx_HAL_Driver/Src/stm32f1xx_hal_i2c.o
 .debug_macro   0x00000000000178b1      0x1bf ./Drivers/STM32F1xx_HAL_Driver/Src/stm32f1xx_hal_rcc.o
 .debug_macro   0x0000000000017a70      0x1ae ./Drivers/STM32F1xx_HAL_Driver/Src/stm32f1xx_hal_tim.o
 .debug_macro   0x0000000000017c1e      0x1ad ./Drivers/STM32F1xx_HAL_Driver/Src/stm32f1xx_hal_tim_ex.o
 .debug_macro   0x0000000000017dcb      0x1ae ./Drivers/STM32F1xx_HAL_Driver/Src/stm32f1xx_hal_uart.o
 .debug_macro   0x0000000000017f79      0x2a2 ./LIB/Src/74HC595.o
 .debug_macro   0x000000000001821b      0x2b1 ./LIB/Src/LCD.o
 .debug_macro   0x00000000000184cc      0x32a ./LIB/Src/PMS7003.o
 .debug_macro   0x00000000000187f6       0x16 ./LIB/Src/PMS7003.o
 .debug_macro   0x000000000001880c       0x46 ./LIB/Src/PMS7003.o
 .debug_macro   0x0000000000018852      0x1cb ./LIB/Src/SHT31.o
 .debug_macro   0x0000000000018a1d       0x94 ./LIB/Src/SHT31.o

.debug_line     0x0000000000000000    0x13463
 .debug_line    0x0000000000000000      0xbca ./Core/Src/main.o
 .debug_line    0x0000000000000bca      0x7a7 ./Core/Src/stm32f1xx_hal_msp.o
 .debug_line    0x0000000000001371      0x79b ./Core/Src/stm32f1xx_it.o
 .debug_line    0x0000000000001b0c      0x70f ./Core/Src/system_stm32f1xx.o
 .debug_line    0x000000000000221b       0x86 ./Core/Startup/startup_stm32f103c8tx.o
 .debug_line    0x00000000000022a1      0x93c ./Drivers/STM32F1xx_HAL_Driver/Src/stm32f1xx_hal.o
 .debug_line    0x0000000000002bdd      0xb24 ./Drivers/STM32F1xx_HAL_Driver/Src/stm32f1xx_hal_cortex.o
 .debug_line    0x0000000000003701      0xd95 ./Drivers/STM32F1xx_HAL_Driver/Src/stm32f1xx_hal_dma.o
 .debug_line    0x0000000000004496      0x9d5 ./Drivers/STM32F1xx_HAL_Driver/Src/stm32f1xx_hal_gpio.o
 .debug_line    0x0000000000004e6b     0x3aa2 ./Drivers/STM32F1xx_HAL_Driver/Src/stm32f1xx_hal_i2c.o
 .debug_line    0x000000000000890d      0xd48 ./Drivers/STM32F1xx_HAL_Driver/Src/stm32f1xx_hal_rcc.o
 .debug_line    0x0000000000009655     0x33c7 ./Drivers/STM32F1xx_HAL_Driver/Src/stm32f1xx_hal_tim.o
 .debug_line    0x000000000000ca1c     0x1892 ./Drivers/STM32F1xx_HAL_Driver/Src/stm32f1xx_hal_tim_ex.o
 .debug_line    0x000000000000e2ae     0x286d ./Drivers/STM32F1xx_HAL_Driver/Src/stm32f1xx_hal_uart.o
 .debug_line    0x0000000000010b1b      0xaef ./LIB/Src/74HC595.o
 .debug_line    0x000000000001160a      0xbfe ./LIB/Src/LCD.o
 .debug_line    0x0000000000012208      0x997 ./LIB/Src/PMS7003.o
 .debug_line    0x0000000000012b9f      0x8c4 ./LIB/Src/SHT31.o

.debug_str      0x0000000000000000    0x8da80
 .debug_str     0x0000000000000000    0x8a130 ./Core/Src/main.o
                                      0x8a5ce (size before relaxing)
 .debug_str     0x000000000008a130      0x395 ./Core/Src/stm32f1xx_hal_msp.o
                                      0x85bb6 (size before relaxing)
 .debug_str     0x000000000008a4c5      0x124 ./Core/Src/stm32f1xx_it.o
                                      0x855da (size before relaxing)
 .debug_str     0x000000000008a5e9       0x7e ./Core/Src/system_stm32f1xx.o
                                      0x84df9 (size before relaxing)
 .debug_str     0x000000000008a667       0x36 ./Core/Startup/startup_stm32f103c8tx.o
                                         0x5c (size before relaxing)
 .debug_str     0x000000000008a69d      0x38e ./Drivers/STM32F1xx_HAL_Driver/Src/stm32f1xx_hal.o
                                      0x8552c (size before relaxing)
 .debug_str     0x000000000008aa2b      0x294 ./Drivers/STM32F1xx_HAL_Driver/Src/stm32f1xx_hal_cortex.o
                                      0x85478 (size before relaxing)
 .debug_str     0x000000000008acbf      0x235 ./Drivers/STM32F1xx_HAL_Driver/Src/stm32f1xx_hal_dma.o
                                      0x851a2 (size before relaxing)
 .debug_str     0x000000000008aef4      0x2e1 ./Drivers/STM32F1xx_HAL_Driver/Src/stm32f1xx_hal_gpio.o
                                      0x8517f (size before relaxing)
 .debug_str     0x000000000008b1d5      0xba2 ./Drivers/STM32F1xx_HAL_Driver/Src/stm32f1xx_hal_i2c.o
                                      0x85ec0 (size before relaxing)
 .debug_str     0x000000000008bd77      0x209 ./Drivers/STM32F1xx_HAL_Driver/Src/stm32f1xx_hal_rcc.o
                                      0x85228 (size before relaxing)
 .debug_str     0x000000000008bf80      0xd9d ./Drivers/STM32F1xx_HAL_Driver/Src/stm32f1xx_hal_tim.o
                                      0x8621a (size before relaxing)
 .debug_str     0x000000000008cd1d      0x493 ./Drivers/STM32F1xx_HAL_Driver/Src/stm32f1xx_hal_tim_ex.o
                                      0x85a36 (size before relaxing)
 .debug_str     0x000000000008d1b0      0x5dc ./Drivers/STM32F1xx_HAL_Driver/Src/stm32f1xx_hal_uart.o
                                      0x85899 (size before relaxing)
 .debug_str     0x000000000008d78c      0x12d ./LIB/Src/74HC595.o
                                      0x880d7 (size before relaxing)
 .debug_str     0x000000000008d8b9       0x46 ./LIB/Src/LCD.o
                                      0x8809e (size before relaxing)
 .debug_str     0x000000000008d8ff       0x5e ./LIB/Src/PMS7003.o
                                      0x890e5 (size before relaxing)
 .debug_str     0x000000000008d95d      0x123 ./LIB/Src/SHT31.o
                                      0x8595d (size before relaxing)

.comment        0x0000000000000000       0x50
 .comment       0x0000000000000000       0x50 ./Core/Src/main.o
                                         0x51 (size before relaxing)
 .comment       0x0000000000000050       0x51 ./Core/Src/stm32f1xx_hal_msp.o
 .comment       0x0000000000000050       0x51 ./Core/Src/stm32f1xx_it.o
 .comment       0x0000000000000050       0x51 ./Core/Src/system_stm32f1xx.o
 .comment       0x0000000000000050       0x51 ./Drivers/STM32F1xx_HAL_Driver/Src/stm32f1xx_hal.o
 .comment       0x0000000000000050       0x51 ./Drivers/STM32F1xx_HAL_Driver/Src/stm32f1xx_hal_cortex.o
 .comment       0x0000000000000050       0x51 ./Drivers/STM32F1xx_HAL_Driver/Src/stm32f1xx_hal_dma.o
 .comment       0x0000000000000050       0x51 ./Drivers/STM32F1xx_HAL_Driver/Src/stm32f1xx_hal_gpio.o
 .comment       0x0000000000000050       0x51 ./Drivers/STM32F1xx_HAL_Driver/Src/stm32f1xx_hal_i2c.o
 .comment       0x0000000000000050       0x51 ./Drivers/STM32F1xx_HAL_Driver/Src/stm32f1xx_hal_rcc.o
 .comment       0x0000000000000050       0x51 ./Drivers/STM32F1xx_HAL_Driver/Src/stm32f1xx_hal_tim.o
 .comment       0x0000000000000050       0x51 ./Drivers/STM32F1xx_HAL_Driver/Src/stm32f1xx_hal_tim_ex.o
 .comment       0x0000000000000050       0x51 ./Drivers/STM32F1xx_HAL_Driver/Src/stm32f1xx_hal_uart.o
 .comment       0x0000000000000050       0x51 ./LIB/Src/74HC595.o
 .comment       0x0000000000000050       0x51 ./LIB/Src/LCD.o
 .comment       0x0000000000000050       0x51 ./LIB/Src/PMS7003.o
 .comment       0x0000000000000050       0x51 ./LIB/Src/SHT31.o

.debug_frame    0x0000000000000000     0x4688
 .debug_frame   0x0000000000000000      0x1ec ./Core/Src/main.o
 .debug_frame   0x00000000000001ec      0x110 ./Core/Src/stm32f1xx_hal_msp.o
 .debug_frame   0x00000000000002fc      0x158 ./Core/Src/stm32f1xx_it.o
 .debug_frame   0x0000000000000454       0x58 ./Core/Src/system_stm32f1xx.o
 .debug_frame   0x00000000000004ac      0x334 ./Drivers/STM32F1xx_HAL_Driver/Src/stm32f1xx_hal.o
 .debug_frame   0x00000000000007e0      0x428 ./Drivers/STM32F1xx_HAL_Driver/Src/stm32f1xx_hal_cortex.o
 .debug_frame   0x0000000000000c08      0x208 ./Drivers/STM32F1xx_HAL_Driver/Src/stm32f1xx_hal_dma.o
 .debug_frame   0x0000000000000e10      0x14c ./Drivers/STM32F1xx_HAL_Driver/Src/stm32f1xx_hal_gpio.o
 .debug_frame   0x0000000000000f5c      0xc84 ./Drivers/STM32F1xx_HAL_Driver/Src/stm32f1xx_hal_i2c.o
 .debug_frame   0x0000000000001be0      0x218 ./Drivers/STM32F1xx_HAL_Driver/Src/stm32f1xx_hal_rcc.o
 .debug_frame   0x0000000000001df8     0x11bc ./Drivers/STM32F1xx_HAL_Driver/Src/stm32f1xx_hal_tim.o
 .debug_frame   0x0000000000002fb4      0x638 ./Drivers/STM32F1xx_HAL_Driver/Src/stm32f1xx_hal_tim_ex.o
 .debug_frame   0x00000000000035ec      0x944 ./Drivers/STM32F1xx_HAL_Driver/Src/stm32f1xx_hal_uart.o
 .debug_frame   0x0000000000003f30      0x1f8 ./LIB/Src/74HC595.o
 .debug_frame   0x0000000000004128       0xec ./LIB/Src/LCD.o
 .debug_frame   0x0000000000004214      0x140 ./LIB/Src/PMS7003.o
 .debug_frame   0x0000000000004354      0x17c ./LIB/Src/SHT31.o
 .debug_frame   0x00000000000044d0       0x2c c:/st/stm32cubeide_1.11.0/stm32cubeide/plugins/com.st.stm32cube.ide.mcu.externaltools.gnu-tools-for-stm32.10.3-2021.10.win32_1.0.100.202210260954/tools/bin/../lib/gcc/arm-none-eabi/10.3.1/../../../../arm-none-eabi/lib/thumb/v7-m/nofp\libc_nano.a(lib_a-init.o)
 .debug_frame   0x00000000000044fc       0x20 c:/st/stm32cubeide_1.11.0/stm32cubeide/plugins/com.st.stm32cube.ide.mcu.externaltools.gnu-tools-for-stm32.10.3-2021.10.win32_1.0.100.202210260954/tools/bin/../lib/gcc/arm-none-eabi/10.3.1/../../../../arm-none-eabi/lib/thumb/v7-m/nofp\libc_nano.a(lib_a-memset.o)
 .debug_frame   0x000000000000451c       0xac c:/st/stm32cubeide_1.11.0/stm32cubeide/plugins/com.st.stm32cube.ide.mcu.externaltools.gnu-tools-for-stm32.10.3-2021.10.win32_1.0.100.202210260954/tools/bin/../lib/gcc/arm-none-eabi/10.3.1/thumb/v7-m/nofp\libgcc.a(_arm_addsubdf3.o)
 .debug_frame   0x00000000000045c8       0x50 c:/st/stm32cubeide_1.11.0/stm32cubeide/plugins/com.st.stm32cube.ide.mcu.externaltools.gnu-tools-for-stm32.10.3-2021.10.win32_1.0.100.202210260954/tools/bin/../lib/gcc/arm-none-eabi/10.3.1/thumb/v7-m/nofp\libgcc.a(_arm_muldivdf3.o)
 .debug_frame   0x0000000000004618       0x24 c:/st/stm32cubeide_1.11.0/stm32cubeide/plugins/com.st.stm32cube.ide.mcu.externaltools.gnu-tools-for-stm32.10.3-2021.10.win32_1.0.100.202210260954/tools/bin/../lib/gcc/arm-none-eabi/10.3.1/thumb/v7-m/nofp\libgcc.a(_arm_truncdfsf2.o)
 .debug_frame   0x000000000000463c       0x4c c:/st/stm32cubeide_1.11.0/stm32cubeide/plugins/com.st.stm32cube.ide.mcu.externaltools.gnu-tools-for-stm32.10.3-2021.10.win32_1.0.100.202210260954/tools/bin/../lib/gcc/arm-none-eabi/10.3.1/thumb/v7-m/nofp\libgcc.a(_arm_addsubsf3.o)
